<html>
<body>
<pre>
<h1>µVision Build Log</h1>
<h2>Tool Versions:</h2>
IDE-Version: ¦ÌVision V5.15
Copyright (C) 2015 ARM Ltd and ARM Germany GmbH. All rights reserved.
License Information: bryant dai, etr, LIC=S5ISB-2BBHP-D3SM3-AD0NK-C8LH7-0AFRM
 
Tool Versions:
Toolchain:       MDK-ARM Professional  Version: 5.15.0
Toolchain Path:  D:\Program Files (x86)\ARM\ARMCC\Bin
C Compiler:      Armcc.exe V5.05 update 2 (build 169)
Assembler:       Armasm.exe V5.05 update 2 (build 169)
Linker/Locator:  ArmLink.exe V5.05 update 2 (build 169)
Library Manager: ArmAr.exe V5.05 update 2 (build 169)
Hex Converter:   FromElf.exe V5.05 update 2 (build 169)
CPU DLL:         SARMCM3.DLL V5.15.0
Dialog DLL:      DCM.DLL V1.13.2.0
Target DLL:      STLink\ST-LINKIII-KEIL_SWO.dll V2.0.15.0_KEIL
Dialog DLL:      TCM.DLL V1.14.5.0
 
<h2>Project:</h2>
E:\Bryant\STM32F746-Discovery-Board\RCC\Code\Project\Project.uvprojx
Project File Date:  09/25/2015

<h2>Output:</h2>
*** Using Compiler 'V5.05 update 2 (build 169)', folder: 'D:\Program Files (x86)\ARM\ARMCC\Bin'
Rebuild target 'STM32746G_DISCOVERY_RCC'
assembling startup_stm32f746xx.s...
compiling system_stm32f7xx.c...
compiling stm32f7xx_hal_gpio.c...
compiling stm32f7xx_hal_rcc.c...
compiling stm32f7xx_hal_cortex.c...
compiling stm32f7xx_hal.c...
compiling main.c...
linking...
Program Size: Code=208 RO-data=472 RW-data=0 ZI-data=1024  
FromELF: creating hex file...
"..\Output\STM32746G_DISCOVERY.axf" - 0 Error(s), 0 Warning(s).

<h2>Software Packages used:</h2>

Package Vendor: ARM
                http://www.keil.com/pack/ARM.CMSIS.4.3.0.pack
                ARM::CMSIS:CORE:4.1.0
                CMSIS (Cortex Microcontroller Software Interface Standard)
   * Component: CORE Version: 4.1.0

<h2>Collection of Component include folders:</h2>
  E:\Bryant\STM32F746-Discovery-Board\RCC\Code\Project\RTE
  D:\Program Files (x86)\ARM\PACK\ARM\CMSIS\4.3.0\CMSIS\Include
  D:\Program Files (x86)\ARM\PACK\Keil\STM32F7xx_DFP\1.0.0\Drivers\CMSIS\Device\ST\STM32F7xx\Include

<h2>Collection of Component Files used:</h2>

   * Component: ARM::CMSIS:CORE:4.1.0
</pre>
</body>
</html>
